[36mvite v6.4.3 [32mbuilding for production...[36m[39m
transforming...
[32mΓ£ô[39m 2406 modules transformed.
rendering chunks...
computing gzip size...
[2mdist/[22m[32mindex.html                 [39m[1m[2m    1.07 kB[22m[1m[22m[2m Γöé gzip:   0.63 kB[22m
[2mdist/[22m[35massets/index-_yKTKVo2.css  [39m[1m[2m   17.97 kB[22m[1m[22m[2m Γöé gzip:   4.06 kB[22m
[2mdist/[22m[36massets/index-DS_tTI4f.js   [39m[1m[33m1,071.09 kB[39m[22m[2m Γöé gzip: 298.19 kB[22m
node.exe : [33m
At line:1 char:1
+ & "C:\Program Files\nodejs/node.exe" "C:\Program Files\nodejs/node_mo ...
+ ~~~~~~~~~~~~~~~~~~~~~~~~~~~~~~~~~~~~~~~~~~~~~~~~~~~~~~~~~~~~~~~~~~~~~
    + CategoryInfo          : NotSpecified: ([33m:String) [], RemoteException
    + FullyQualifiedErrorId : NativeCommandError
 
(!) Some chunks are larger than 500 kB after minification. Consider:
- Using dynamic import() to code-split the application
- Use build.rollupOptions.output.manualChunks to improve chunking: https://rollupjs.org/configuration-options/#output-manualchunks
- Adjust chunk size limit for this warning via build.chunkSizeWarningLimit.[39m
[32mΓ£ô built in 36.12s[39m
